// Jest Snapshot v1, https://goo.gl/fbAQLP

exports[`<Pagination /> should render badge when current page is active 1`] = `
.c3 {
  background: #116193;
  padding: 0.2rem;
  border-radius: 50%;
  color: #00ede7;
  position: relative;
  height: 4.0rem;
  width: 4.0rem;
}

.c3 .c4 {
  border: 0.2rem solid #00ede7;
}

.c5 {
  display: -webkit-box;
  display: -webkit-flex;
  display: -ms-flexbox;
  display: flex;
  -webkit-align-items: center;
  -webkit-box-align: center;
  -ms-flex-align: center;
  align-items: center;
  -webkit-box-pack: center;
  -webkit-justify-content: center;
  -ms-flex-pack: center;
  justify-content: center;
  border-radius: 50%;
  width: 100%;
  height: 100%;
}

.c0 {
  display: -webkit-box;
  display: -webkit-flex;
  display: -ms-flexbox;
  display: flex;
  -webkit-align-self: center;
  -ms-flex-item-align: center;
  align-self: center;
}

.c1 {
  display: -webkit-box;
  display: -webkit-flex;
  display: -ms-flexbox;
  display: flex;
  -webkit-align-items: center;
  -webkit-box-align: center;
  -ms-flex-align: center;
  align-items: center;
}

.c2 {
  list-style: none;
  color: #116193;
  margin: 0.4rem;
  -webkit-transition: 0.3s ease-in-out;
  transition: 0.3s ease-in-out;
}

.c2:hover {
  color: #0d4d75;
  cursor: pointer;
}

@media (max-width:768px) {
  .c1 {
    -webkit-flex-wrap: wrap;
    -ms-flex-wrap: wrap;
    flex-wrap: wrap;
    padding: 0 16px;
  }
}

<div
  class="c0"
>
  <ul
    class="c1"
  >
    <li
      class="c2"
    >
      <div
        class="c3"
      >
        <div
          class="c4 c5"
        >
          1
        </div>
      </div>
    </li>
    <li
      class="c2"
    >
      <h2>
        2
      </h2>
    </li>
    <li
      class="c2"
    >
      <h2>
        3
      </h2>
    </li>
    <li
      class="c2"
    >
      <h2>
        4
      </h2>
    </li>
    <li
      class="c2"
    >
      <h2>
        5
      </h2>
    </li>
  </ul>
</div>
`;

exports[`<Pagination /> should render quantity of pages 1`] = `
.c3 {
  background: #116193;
  padding: 0.2rem;
  border-radius: 50%;
  color: #00ede7;
  position: relative;
  height: 4.0rem;
  width: 4.0rem;
}

.c3 .c4 {
  border: 0.2rem solid #00ede7;
}

.c5 {
  display: -webkit-box;
  display: -webkit-flex;
  display: -ms-flexbox;
  display: flex;
  -webkit-align-items: center;
  -webkit-box-align: center;
  -ms-flex-align: center;
  align-items: center;
  -webkit-box-pack: center;
  -webkit-justify-content: center;
  -ms-flex-pack: center;
  justify-content: center;
  border-radius: 50%;
  width: 100%;
  height: 100%;
}

.c0 {
  display: -webkit-box;
  display: -webkit-flex;
  display: -ms-flexbox;
  display: flex;
  -webkit-align-self: center;
  -ms-flex-item-align: center;
  align-self: center;
}

.c1 {
  display: -webkit-box;
  display: -webkit-flex;
  display: -ms-flexbox;
  display: flex;
  -webkit-align-items: center;
  -webkit-box-align: center;
  -ms-flex-align: center;
  align-items: center;
}

.c2 {
  list-style: none;
  color: #116193;
  margin: 0.4rem;
  -webkit-transition: 0.3s ease-in-out;
  transition: 0.3s ease-in-out;
}

.c2:hover {
  color: #0d4d75;
  cursor: pointer;
}

@media (max-width:768px) {
  .c1 {
    -webkit-flex-wrap: wrap;
    -ms-flex-wrap: wrap;
    flex-wrap: wrap;
    padding: 0 16px;
  }
}

<div
  class="c0"
>
  <ul
    class="c1"
  >
    <li
      class="c2"
    >
      <div
        class="c3"
      >
        <div
          class="c4 c5"
        >
          1
        </div>
      </div>
    </li>
    <li
      class="c2"
    >
      <h2>
        2
      </h2>
    </li>
    <li
      class="c2"
    >
      <h2>
        3
      </h2>
    </li>
    <li
      class="c2"
    >
      <h2>
        4
      </h2>
    </li>
    <li
      class="c2"
    >
      <h2>
        5
      </h2>
    </li>
  </ul>
</div>
`;
